{
  "TextStyle": null,
  "RootAtom": {
    "BaseAtom": {
      "Character": "x",
      "TextStyle": null,
      "IsDefaultTextStyle": true,
      "IsTextSymbol": false,
      "Type": "Ordinary",
      "Source": {
        "Start": 0,
        "End": 1,
        "Length": 1,
        "Source": "x ^ {y} _ {z}"
      }
    },
    "SubscriptAtom": {
      "Character": "z",
      "TextStyle": null,
      "IsDefaultTextStyle": true,
      "IsTextSymbol": false,
      "Type": "Ordinary",
      "Source": {
        "Start": 11,
        "End": 12,
        "Length": 1,
        "Source": "x ^ {y} _ {z}"
      }
    },
    "SuperscriptAtom": {
      "Character": "y",
      "TextStyle": null,
      "IsDefaultTextStyle": true,
      "IsTextSymbol": false,
      "Type": "Ordinary",
      "Source": {
        "Start": 5,
        "End": 6,
        "Length": 1,
        "Source": "x ^ {y} _ {z}"
      }
    },
    "Type": "Ordinary",
    "Source": {
      "Start": 2,
      "End": 13,
      "Length": 11,
      "Source": "x ^ {y} _ {z}"
    }
  }
}