{
  "TextStyle": null,
  "RootAtom": {
    "PreviousAtom": null,
    "Elements": [
      {
        "Numerator": {
          "Character": "2",
          "TextStyle": null,
          "IsDefaultTextStyle": true,
          "IsTextSymbol": false,
          "Type": "Ordinary",
          "Source": {
            "Start": 5,
            "End": 6,
            "Length": 1,
            "Source": "\\frac2x123"
          }
        },
        "Denominator": {
          "Character": "x",
          "TextStyle": null,
          "IsDefaultTextStyle": true,
          "IsTextSymbol": false,
          "Type": "Ordinary",
          "Source": {
            "Start": 6,
            "End": 7,
            "Length": 1,
            "Source": "\\frac2x123"
          }
        },
        "Type": "Inner",
        "Source": {
          "Start": 1,
          "End": 7,
          "Length": 6,
          "Source": "\\frac2x123"
        }
      },
      {
        "Character": "1",
        "TextStyle": null,
        "IsDefaultTextStyle": true,
        "IsTextSymbol": false,
        "Type": "Ordinary",
        "Source": {
          "Start": 7,
          "End": 8,
          "Length": 1,
          "Source": "\\frac2x123"
        }
      },
      {
        "Character": "2",
        "TextStyle": null,
        "IsDefaultTextStyle": true,
        "IsTextSymbol": false,
        "Type": "Ordinary",
        "Source": {
          "Start": 8,
          "End": 9,
          "Length": 1,
          "Source": "\\frac2x123"
        }
      },
      {
        "Character": "3",
        "TextStyle": null,
        "IsDefaultTextStyle": true,
        "IsTextSymbol": false,
        "Type": "Ordinary",
        "Source": {
          "Start": 9,
          "End": 10,
          "Length": 1,
          "Source": "\\frac2x123"
        }
      }
    ],
    "Type": "Ordinary",
    "Source": {
      "Start": 0,
      "End": 10,
      "Length": 10,
      "Source": "\\frac2x123"
    }
  }
}