{
  "TextStyle": null,
  "RootAtom": {
    "Atom": {
      "PreviousAtom": null,
      "Elements": [],
      "Type": "Ordinary",
      "Source": {
        "Start": 1,
        "End": 1,
        "Length": 0,
        "Source": "{}"
      }
    },
    "LeftType": "Ordinary",
    "RightType": "Ordinary",
    "Type": "Ordinary",
    "Source": {
      "Start": 1,
      "End": 1,
      "Length": 0,
      "Source": "{}"
    }
  }
}