{
  "TextStyle": null,
  "RootAtom": {
    "PreviousAtom": null,
    "Elements": [
      {
        "BaseAtom": {
          "PreviousAtom": null,
          "Elements": [
            {
              "Character": "l",
              "TextStyle": "mathrm",
              "IsDefaultTextStyle": false,
              "IsTextSymbol": false,
              "Type": "Ordinary",
              "Source": {
                "Start": 8,
                "End": 9,
                "Length": 1,
                "Source": "\\mathrm{lim}"
              }
            },
            {
              "Character": "i",
              "TextStyle": "mathrm",
              "IsDefaultTextStyle": false,
              "IsTextSymbol": false,
              "Type": "Ordinary",
              "Source": {
                "Start": 9,
                "End": 10,
                "Length": 1,
                "Source": "\\mathrm{lim}"
              }
            },
            {
              "Character": "m",
              "TextStyle": "mathrm",
              "IsDefaultTextStyle": false,
              "IsTextSymbol": false,
              "Type": "Ordinary",
              "Source": {
                "Start": 10,
                "End": 11,
                "Length": 1,
                "Source": "\\mathrm{lim}"
              }
            }
          ],
          "Type": "Ordinary",
          "Source": {
            "Start": 8,
            "End": 11,
            "Length": 3,
            "Source": "\\mathrm{lim}"
          }
        },
        "LowerLimitAtom": {
          "Character": "n",
          "TextStyle": null,
          "IsDefaultTextStyle": true,
          "IsTextSymbol": false,
          "Type": "Ordinary",
          "Source": {
            "Start": 6,
            "End": 7,
            "Length": 1,
            "Source": "\\lim_{n} x"
          }
        },
        "UpperLimitAtom": null,
        "UseVerticalLimits": true,
        "Type": "BigOperator",
        "Source": {
          "Start": 8,
          "End": 9,
          "Length": 1,
          "Source": "\\lim_{n} x"
        }
      },
      {
        "Character": "x",
        "TextStyle": null,
        "IsDefaultTextStyle": true,
        "IsTextSymbol": false,
        "Type": "Ordinary",
        "Source": {
          "Start": 9,
          "End": 10,
          "Length": 1,
          "Source": "\\lim_{n} x"
        }
      }
    ],
    "Type": "Ordinary",
    "Source": {
      "Start": 0,
      "End": 10,
      "Length": 10,
      "Source": "\\lim_{n} x"
    }
  }
}