{
  "TextStyle": null,
  "RootAtom": {
    "PreviousAtom": null,
    "Elements": [
      {
        "Atom": {
          "BaseAtom": {
            "PreviousAtom": null,
            "Elements": [
              {
                "Character": "l",
                "TextStyle": "mathrm",
                "IsDefaultTextStyle": false,
                "IsTextSymbol": false,
                "Type": "Ordinary",
                "Source": {
                  "Start": 8,
                  "End": 9,
                  "Length": 1,
                  "Source": "\\mathrm{lim}"
                }
              },
              {
                "Character": "i",
                "TextStyle": "mathrm",
                "IsDefaultTextStyle": false,
                "IsTextSymbol": false,
                "Type": "Ordinary",
                "Source": {
                  "Start": 9,
                  "End": 10,
                  "Length": 1,
                  "Source": "\\mathrm{lim}"
                }
              },
              {
                "Character": "m",
                "TextStyle": "mathrm",
                "IsDefaultTextStyle": false,
                "IsTextSymbol": false,
                "Type": "Ordinary",
                "Source": {
                  "Start": 10,
                  "End": 11,
                  "Length": 1,
                  "Source": "\\mathrm{lim}"
                }
              }
            ],
            "Type": "Ordinary",
            "Source": {
              "Start": 8,
              "End": 11,
              "Length": 3,
              "Source": "\\mathrm{lim}"
            }
          },
          "LowerLimitAtom": null,
          "UpperLimitAtom": null,
          "UseVerticalLimits": true,
          "Type": "BigOperator",
          "Source": {
            "Start": 8,
            "End": 11,
            "Length": 3,
            "Source": "\\mathrm{lim}"
          }
        },
        "LeftType": "Ordinary",
        "RightType": "Ordinary",
        "Type": "Ordinary",
        "Source": {
          "Start": 8,
          "End": 11,
          "Length": 3,
          "Source": "\\mathrm{lim}"
        }
      },
      {
        "Character": "x",
        "TextStyle": null,
        "IsDefaultTextStyle": true,
        "IsTextSymbol": false,
        "Type": "Ordinary",
        "Source": {
          "Start": 7,
          "End": 8,
          "Length": 1,
          "Source": "{\\lim} x"
        }
      }
    ],
    "Type": "Ordinary",
    "Source": {
      "Start": 0,
      "End": 8,
      "Length": 8,
      "Source": "{\\lim} x"
    }
  }
}