{
  "TextStyle": null,
  "RootAtom": {
    "PreviousAtom": null,
    "Elements": [
      {
        "Character": "s",
        "TextStyle": "mathit",
        "IsDefaultTextStyle": false,
        "IsTextSymbol": false,
        "Type": "Ordinary",
        "Source": {
          "Start": 8,
          "End": 9,
          "Length": 1,
          "Source": "\\mathit{sin}"
        }
      },
      {
        "Character": "i",
        "TextStyle": "mathit",
        "IsDefaultTextStyle": false,
        "IsTextSymbol": false,
        "Type": "Ordinary",
        "Source": {
          "Start": 9,
          "End": 10,
          "Length": 1,
          "Source": "\\mathit{sin}"
        }
      },
      {
        "Character": "n",
        "TextStyle": "mathit",
        "IsDefaultTextStyle": false,
        "IsTextSymbol": false,
        "Type": "Ordinary",
        "Source": {
          "Start": 10,
          "End": 11,
          "Length": 1,
          "Source": "\\mathit{sin}"
        }
      }
    ],
    "Type": "Ordinary",
    "Source": {
      "Start": 8,
      "End": 11,
      "Length": 3,
      "Source": "\\mathit{sin}"
    }
  }
}