{
  "TextStyle": null,
  "RootAtom": {
    "PreviousAtom": null,
    "Elements": [
      {
        "Numerator": {
          "Character": "2",
          "TextStyle": null,
          "IsDefaultTextStyle": true,
          "IsTextSymbol": false,
          "Type": "Ordinary",
          "Source": {
            "Start": 6,
            "End": 7,
            "Length": 1,
            "Source": "\\frac{2}{x}123"
          }
        },
        "Denominator": {
          "Character": "x",
          "TextStyle": null,
          "IsDefaultTextStyle": true,
          "IsTextSymbol": false,
          "Type": "Ordinary",
          "Source": {
            "Start": 9,
            "End": 10,
            "Length": 1,
            "Source": "\\frac{2}{x}123"
          }
        },
        "Type": "Inner",
        "Source": {
          "Start": 1,
          "End": 11,
          "Length": 10,
          "Source": "\\frac{2}{x}123"
        }
      },
      {
        "Character": "1",
        "TextStyle": null,
        "IsDefaultTextStyle": true,
        "IsTextSymbol": false,
        "Type": "Ordinary",
        "Source": {
          "Start": 11,
          "End": 12,
          "Length": 1,
          "Source": "\\frac{2}{x}123"
        }
      },
      {
        "Character": "2",
        "TextStyle": null,
        "IsDefaultTextStyle": true,
        "IsTextSymbol": false,
        "Type": "Ordinary",
        "Source": {
          "Start": 12,
          "End": 13,
          "Length": 1,
          "Source": "\\frac{2}{x}123"
        }
      },
      {
        "Character": "3",
        "TextStyle": null,
        "IsDefaultTextStyle": true,
        "IsTextSymbol": false,
        "Type": "Ordinary",
        "Source": {
          "Start": 13,
          "End": 14,
          "Length": 1,
          "Source": "\\frac{2}{x}123"
        }
      }
    ],
    "Type": "Ordinary",
    "Source": {
      "Start": 0,
      "End": 14,
      "Length": 14,
      "Source": "\\frac{2}{x}123"
    }
  }
}